
> mission-control@0.1.0 build
> next build

ΓÜá Warning: Next.js inferred your workspace root, but it may not be correct.
 We detected multiple lockfiles and selected the directory of C:\Users\casba\package-lock.json as the root directory.
 To silence this warning, set `turbopack.root` in your Next.js config, or consider removing one of the lockfiles if it's not needed.
   See https://nextjs.org/docs/app/api-reference/config/next-config-js/turbopack#root-directory for more information.
 Detected additional lockfiles: 
   * C:\Users\casba\Antigravity Skills\mission-control\package-lock.json

Γû▓ Next.js 16.1.6 (Turbopack)
- Environments: .env.local

  Creating an optimized production build ...
Γ£ô Compiled successfully in 5.7s
  Running TypeScript ...
Failed to compile.

./components/dashboard/AgentCard.tsx:7:10
Type error: Module '"./types"' has no exported member 'Agent'.

   5 | import { Bot, Clock, FileText } from 'lucide-react';
   6 | import StatusBadge from './StatusBadge';
>  7 | import { Agent, formatTimeSince, getCategoryIcon } from './types';
     |          ^
   8 |
   9 | const AgentCard = ({ agent, index }: { agent: Agent; index: number }) => (
  10 |     <motion.div
Next.js build worker exited with code: 1 and signal: null
